Archive member included to satisfy reference by file (symbol)

c:/users/diego/workspace/avr-gcc-7.3.0/bin/../lib/gcc/avr/7.3.0/avr5\libgcc.a(_exit.o)
                              c:/users/diego/workspace/avr-gcc-7.3.0/bin/../lib/gcc/avr/7.3.0/../../../../avr/lib/avr5/crtatmega32u4.o (exit)
c:/users/diego/workspace/avr-gcc-7.3.0/bin/../lib/gcc/avr/7.3.0/avr5\libgcc.a(_copy_data.o)
                              ./src/Main.o (__do_copy_data)
c:/users/diego/workspace/avr-gcc-7.3.0/bin/../lib/gcc/avr/7.3.0/../../../../avr/lib/avr5\libm.a(cmpsf2.o)
                              ./src/LCD/lcd.o (__ltsf2)
c:/users/diego/workspace/avr-gcc-7.3.0/bin/../lib/gcc/avr/7.3.0/../../../../avr/lib/avr5\libm.a(divsf3.o)
                              ./src/Main.o (__divsf3)
c:/users/diego/workspace/avr-gcc-7.3.0/bin/../lib/gcc/avr/7.3.0/../../../../avr/lib/avr5\libm.a(divsf3x.o)
                              c:/users/diego/workspace/avr-gcc-7.3.0/bin/../lib/gcc/avr/7.3.0/../../../../avr/lib/avr5\libm.a(divsf3.o) (__divsf3x)
c:/users/diego/workspace/avr-gcc-7.3.0/bin/../lib/gcc/avr/7.3.0/../../../../avr/lib/avr5\libm.a(fixunssfsi.o)
                              ./src/LCD/lcd.o (__fixunssfsi)
c:/users/diego/workspace/avr-gcc-7.3.0/bin/../lib/gcc/avr/7.3.0/../../../../avr/lib/avr5\libm.a(fp_cmp.o)
                              c:/users/diego/workspace/avr-gcc-7.3.0/bin/../lib/gcc/avr/7.3.0/../../../../avr/lib/avr5\libm.a(cmpsf2.o) (__fp_cmp)
c:/users/diego/workspace/avr-gcc-7.3.0/bin/../lib/gcc/avr/7.3.0/../../../../avr/lib/avr5\libm.a(fp_inf.o)
                              c:/users/diego/workspace/avr-gcc-7.3.0/bin/../lib/gcc/avr/7.3.0/../../../../avr/lib/avr5\libm.a(divsf3x.o) (__fp_inf)
c:/users/diego/workspace/avr-gcc-7.3.0/bin/../lib/gcc/avr/7.3.0/../../../../avr/lib/avr5\libm.a(fp_nan.o)
                              c:/users/diego/workspace/avr-gcc-7.3.0/bin/../lib/gcc/avr/7.3.0/../../../../avr/lib/avr5\libm.a(divsf3x.o) (__fp_nan)
c:/users/diego/workspace/avr-gcc-7.3.0/bin/../lib/gcc/avr/7.3.0/../../../../avr/lib/avr5\libm.a(fp_pscA.o)
                              c:/users/diego/workspace/avr-gcc-7.3.0/bin/../lib/gcc/avr/7.3.0/../../../../avr/lib/avr5\libm.a(divsf3x.o) (__fp_pscA)
c:/users/diego/workspace/avr-gcc-7.3.0/bin/../lib/gcc/avr/7.3.0/../../../../avr/lib/avr5\libm.a(fp_pscB.o)
                              c:/users/diego/workspace/avr-gcc-7.3.0/bin/../lib/gcc/avr/7.3.0/../../../../avr/lib/avr5\libm.a(divsf3x.o) (__fp_pscB)
c:/users/diego/workspace/avr-gcc-7.3.0/bin/../lib/gcc/avr/7.3.0/../../../../avr/lib/avr5\libm.a(fp_round.o)
                              c:/users/diego/workspace/avr-gcc-7.3.0/bin/../lib/gcc/avr/7.3.0/../../../../avr/lib/avr5\libm.a(divsf3.o) (__fp_round)
c:/users/diego/workspace/avr-gcc-7.3.0/bin/../lib/gcc/avr/7.3.0/../../../../avr/lib/avr5\libm.a(fp_split3.o)
                              c:/users/diego/workspace/avr-gcc-7.3.0/bin/../lib/gcc/avr/7.3.0/../../../../avr/lib/avr5\libm.a(divsf3x.o) (__fp_split3)
c:/users/diego/workspace/avr-gcc-7.3.0/bin/../lib/gcc/avr/7.3.0/../../../../avr/lib/avr5\libm.a(fp_zero.o)
                              c:/users/diego/workspace/avr-gcc-7.3.0/bin/../lib/gcc/avr/7.3.0/../../../../avr/lib/avr5\libm.a(fixunssfsi.o) (__fp_zero)
c:/users/diego/workspace/avr-gcc-7.3.0/bin/../lib/gcc/avr/7.3.0/../../../../avr/lib/avr5\libm.a(gesf2.o)
                              ./src/LCD/lcd.o (__gtsf2)
c:/users/diego/workspace/avr-gcc-7.3.0/bin/../lib/gcc/avr/7.3.0/../../../../avr/lib/avr5\libm.a(mulsf3.o)
                              ./src/LCD/lcd.o (__mulsf3)
c:/users/diego/workspace/avr-gcc-7.3.0/bin/../lib/gcc/avr/7.3.0/../../../../avr/lib/avr5\libm.a(mulsf3x.o)
                              c:/users/diego/workspace/avr-gcc-7.3.0/bin/../lib/gcc/avr/7.3.0/../../../../avr/lib/avr5\libm.a(mulsf3.o) (__mulsf3x)
c:/users/diego/workspace/avr-gcc-7.3.0/bin/../lib/gcc/avr/7.3.0/../../../../avr/lib/avr5\libc.a(itoa.o)
                              ./src/Main.o (itoa)
c:/users/diego/workspace/avr-gcc-7.3.0/bin/../lib/gcc/avr/7.3.0/../../../../avr/lib/avr5\libc.a(itoa_ncheck.o)
                              c:/users/diego/workspace/avr-gcc-7.3.0/bin/../lib/gcc/avr/7.3.0/../../../../avr/lib/avr5\libc.a(itoa.o) (__itoa_ncheck)
c:/users/diego/workspace/avr-gcc-7.3.0/bin/../lib/gcc/avr/7.3.0/../../../../avr/lib/avr5\libc.a(utoa_ncheck.o)
                              c:/users/diego/workspace/avr-gcc-7.3.0/bin/../lib/gcc/avr/7.3.0/../../../../avr/lib/avr5\libc.a(itoa_ncheck.o) (__utoa_common)
c:/users/diego/workspace/avr-gcc-7.3.0/bin/../lib/gcc/avr/7.3.0/../../../../avr/lib/avr5\libc.a(strrev.o)
                              c:/users/diego/workspace/avr-gcc-7.3.0/bin/../lib/gcc/avr/7.3.0/../../../../avr/lib/avr5\libc.a(utoa_ncheck.o) (strrev)

Memory Configuration

Name             Origin             Length             Attributes
text             0x0000000000000000 0x0000000000020000 xr
data             0x0000000000800060 0x000000000000ffa0 rw !x
eeprom           0x0000000000810000 0x0000000000010000 rw !x
fuse             0x0000000000820000 0x0000000000000400 rw !x
lock             0x0000000000830000 0x0000000000000400 rw !x
signature        0x0000000000840000 0x0000000000000400 rw !x
user_signatures  0x0000000000850000 0x0000000000000400 rw !x
*default*        0x0000000000000000 0xffffffffffffffff

Linker script and memory map

Address of section .data set to 0x800100
LOAD c:/users/diego/workspace/avr-gcc-7.3.0/bin/../lib/gcc/avr/7.3.0/../../../../avr/lib/avr5/crtatmega32u4.o
LOAD ./src/i2c/twimaster.o
LOAD ./src/LCD/lcd.o
LOAD ./src/Main.o
START GROUP
LOAD c:/users/diego/workspace/avr-gcc-7.3.0/bin/../lib/gcc/avr/7.3.0/avr5\libgcc.a
LOAD c:/users/diego/workspace/avr-gcc-7.3.0/bin/../lib/gcc/avr/7.3.0/../../../../avr/lib/avr5\libm.a
LOAD c:/users/diego/workspace/avr-gcc-7.3.0/bin/../lib/gcc/avr/7.3.0/../../../../avr/lib/avr5\libc.a
LOAD c:/users/diego/workspace/avr-gcc-7.3.0/bin/../lib/gcc/avr/7.3.0/../../../../avr/lib/avr5\libatmega32u4.a
END GROUP
                0x0000000000020000                __TEXT_REGION_LENGTH__ = DEFINED (__TEXT_REGION_LENGTH__)?__TEXT_REGION_LENGTH__:0x20000
                0x000000000000ffa0                __DATA_REGION_LENGTH__ = DEFINED (__DATA_REGION_LENGTH__)?__DATA_REGION_LENGTH__:0xffa0
                0x0000000000010000                __EEPROM_REGION_LENGTH__ = DEFINED (__EEPROM_REGION_LENGTH__)?__EEPROM_REGION_LENGTH__:0x10000
                0x0000000000000400                __FUSE_REGION_LENGTH__ = DEFINED (__FUSE_REGION_LENGTH__)?__FUSE_REGION_LENGTH__:0x400
                0x0000000000000400                __LOCK_REGION_LENGTH__ = DEFINED (__LOCK_REGION_LENGTH__)?__LOCK_REGION_LENGTH__:0x400
                0x0000000000000400                __SIGNATURE_REGION_LENGTH__ = DEFINED (__SIGNATURE_REGION_LENGTH__)?__SIGNATURE_REGION_LENGTH__:0x400
                0x0000000000000400                __USER_SIGNATURE_REGION_LENGTH__ = DEFINED (__USER_SIGNATURE_REGION_LENGTH__)?__USER_SIGNATURE_REGION_LENGTH__:0x400

.hash
 *(.hash)

.dynsym
 *(.dynsym)

.dynstr
 *(.dynstr)

.gnu.version
 *(.gnu.version)

.gnu.version_d
 *(.gnu.version_d)

.gnu.version_r
 *(.gnu.version_r)

.rel.init
 *(.rel.init)

.rela.init
 *(.rela.init)

.rel.text
 *(.rel.text)
 *(.rel.text.*)
 *(.rel.gnu.linkonce.t*)

.rela.text
 *(.rela.text)
 *(.rela.text.*)
 *(.rela.gnu.linkonce.t*)

.rel.fini
 *(.rel.fini)

.rela.fini
 *(.rela.fini)

.rel.rodata
 *(.rel.rodata)
 *(.rel.rodata.*)
 *(.rel.gnu.linkonce.r*)

.rela.rodata
 *(.rela.rodata)
 *(.rela.rodata.*)
 *(.rela.gnu.linkonce.r*)

.rel.data
 *(.rel.data)
 *(.rel.data.*)
 *(.rel.gnu.linkonce.d*)

.rela.data
 *(.rela.data)
 *(.rela.data.*)
 *(.rela.gnu.linkonce.d*)

.rel.ctors
 *(.rel.ctors)

.rela.ctors
 *(.rela.ctors)

.rel.dtors
 *(.rel.dtors)

.rela.dtors
 *(.rela.dtors)

.rel.got
 *(.rel.got)

.rela.got
 *(.rela.got)

.rel.bss
 *(.rel.bss)

.rela.bss
 *(.rela.bss)

.rel.plt
 *(.rel.plt)

.rela.plt
 *(.rela.plt)

.text           0x0000000000000000     0x143a
 *(.vectors)
 .vectors       0x0000000000000000       0xac c:/users/diego/workspace/avr-gcc-7.3.0/bin/../lib/gcc/avr/7.3.0/../../../../avr/lib/avr5/crtatmega32u4.o
                0x0000000000000000                __vector_default
                0x0000000000000000                __vectors
 *(.vectors)
 *(.progmem.gcc*)
                0x00000000000000ac                . = ALIGN (0x2)
                0x00000000000000ac                __trampolines_start = .
 *(.trampolines)
 .trampolines   0x00000000000000ac        0x0 linker stubs
 *(.trampolines*)
                0x00000000000000ac                __trampolines_end = .
 *libprintf_flt.a:*(.progmem.data)
 *libc.a:*(.progmem.data)
 *(.progmem.*)
                0x00000000000000ac                . = ALIGN (0x2)
 *(.lowtext)
 *(.lowtext*)
                0x00000000000000ac                __ctors_start = .
 *(.ctors)
                0x00000000000000ac                __ctors_end = .
                0x00000000000000ac                __dtors_start = .
 *(.dtors)
                0x00000000000000ac                __dtors_end = .
 SORT_BY_NAME(*)(.ctors)
 SORT_BY_NAME(*)(.dtors)
 *(.init0)
 .init0         0x00000000000000ac        0x0 c:/users/diego/workspace/avr-gcc-7.3.0/bin/../lib/gcc/avr/7.3.0/../../../../avr/lib/avr5/crtatmega32u4.o
                0x00000000000000ac                __init
 *(.init0)
 *(.init1)
 *(.init1)
 *(.init2)
 .init2         0x00000000000000ac        0xc c:/users/diego/workspace/avr-gcc-7.3.0/bin/../lib/gcc/avr/7.3.0/../../../../avr/lib/avr5/crtatmega32u4.o
 *(.init2)
 *(.init3)
 *(.init3)
 *(.init4)
 .init4         0x00000000000000b8       0x16 c:/users/diego/workspace/avr-gcc-7.3.0/bin/../lib/gcc/avr/7.3.0/avr5\libgcc.a(_copy_data.o)
                0x00000000000000b8                __do_copy_data
 *(.init4)
 *(.init5)
 *(.init5)
 *(.init6)
 *(.init6)
 *(.init7)
 *(.init7)
 *(.init8)
 *(.init8)
 *(.init9)
 .init9         0x00000000000000ce        0x8 c:/users/diego/workspace/avr-gcc-7.3.0/bin/../lib/gcc/avr/7.3.0/../../../../avr/lib/avr5/crtatmega32u4.o
 *(.init9)
 *(.text)
 .text          0x00000000000000d6        0x4 c:/users/diego/workspace/avr-gcc-7.3.0/bin/../lib/gcc/avr/7.3.0/../../../../avr/lib/avr5/crtatmega32u4.o
                0x00000000000000d6                __vector_38
                0x00000000000000d6                __vector_22
                0x00000000000000d6                __vector_28
                0x00000000000000d6                __vector_1
                0x00000000000000d6                __vector_32
                0x00000000000000d6                __vector_34
                0x00000000000000d6                __vector_24
                0x00000000000000d6                __vector_12
                0x00000000000000d6                __bad_interrupt
                0x00000000000000d6                __vector_6
                0x00000000000000d6                __vector_31
                0x00000000000000d6                __vector_35
                0x00000000000000d6                __vector_39
                0x00000000000000d6                __vector_3
                0x00000000000000d6                __vector_23
                0x00000000000000d6                __vector_30
                0x00000000000000d6                __vector_25
                0x00000000000000d6                __vector_11
                0x00000000000000d6                __vector_13
                0x00000000000000d6                __vector_17
                0x00000000000000d6                __vector_19
                0x00000000000000d6                __vector_7
                0x00000000000000d6                __vector_41
                0x00000000000000d6                __vector_27
                0x00000000000000d6                __vector_5
                0x00000000000000d6                __vector_33
                0x00000000000000d6                __vector_37
                0x00000000000000d6                __vector_4
                0x00000000000000d6                __vector_9
                0x00000000000000d6                __vector_2
                0x00000000000000d6                __vector_21
                0x00000000000000d6                __vector_15
                0x00000000000000d6                __vector_36
                0x00000000000000d6                __vector_29
                0x00000000000000d6                __vector_40
                0x00000000000000d6                __vector_8
                0x00000000000000d6                __vector_26
                0x00000000000000d6                __vector_14
                0x00000000000000d6                __vector_10
                0x00000000000000d6                __vector_16
                0x00000000000000d6                __vector_18
                0x00000000000000d6                __vector_20
                0x00000000000000d6                __vector_42
 .text          0x00000000000000da        0x0 ./src/i2c/twimaster.o
 .text          0x00000000000000da        0x0 ./src/LCD/lcd.o
 .text          0x00000000000000da        0x0 ./src/Main.o
 .text          0x00000000000000da        0x0 c:/users/diego/workspace/avr-gcc-7.3.0/bin/../lib/gcc/avr/7.3.0/avr5\libgcc.a(_exit.o)
 .text          0x00000000000000da        0x0 c:/users/diego/workspace/avr-gcc-7.3.0/bin/../lib/gcc/avr/7.3.0/avr5\libgcc.a(_copy_data.o)
 .text          0x00000000000000da        0x0 c:/users/diego/workspace/avr-gcc-7.3.0/bin/../lib/gcc/avr/7.3.0/../../../../avr/lib/avr5\libm.a(cmpsf2.o)
 .text          0x00000000000000da        0x0 c:/users/diego/workspace/avr-gcc-7.3.0/bin/../lib/gcc/avr/7.3.0/../../../../avr/lib/avr5\libm.a(divsf3.o)
 .text          0x00000000000000da        0x0 c:/users/diego/workspace/avr-gcc-7.3.0/bin/../lib/gcc/avr/7.3.0/../../../../avr/lib/avr5\libm.a(divsf3x.o)
 .text          0x00000000000000da        0x0 c:/users/diego/workspace/avr-gcc-7.3.0/bin/../lib/gcc/avr/7.3.0/../../../../avr/lib/avr5\libm.a(fixunssfsi.o)
 .text          0x00000000000000da        0x0 c:/users/diego/workspace/avr-gcc-7.3.0/bin/../lib/gcc/avr/7.3.0/../../../../avr/lib/avr5\libm.a(fp_cmp.o)
 .text          0x00000000000000da        0x0 c:/users/diego/workspace/avr-gcc-7.3.0/bin/../lib/gcc/avr/7.3.0/../../../../avr/lib/avr5\libm.a(fp_inf.o)
 .text          0x00000000000000da        0x0 c:/users/diego/workspace/avr-gcc-7.3.0/bin/../lib/gcc/avr/7.3.0/../../../../avr/lib/avr5\libm.a(fp_nan.o)
 .text          0x00000000000000da        0x0 c:/users/diego/workspace/avr-gcc-7.3.0/bin/../lib/gcc/avr/7.3.0/../../../../avr/lib/avr5\libm.a(fp_pscA.o)
 .text          0x00000000000000da        0x0 c:/users/diego/workspace/avr-gcc-7.3.0/bin/../lib/gcc/avr/7.3.0/../../../../avr/lib/avr5\libm.a(fp_pscB.o)
 .text          0x00000000000000da        0x0 c:/users/diego/workspace/avr-gcc-7.3.0/bin/../lib/gcc/avr/7.3.0/../../../../avr/lib/avr5\libm.a(fp_round.o)
 .text          0x00000000000000da        0x0 c:/users/diego/workspace/avr-gcc-7.3.0/bin/../lib/gcc/avr/7.3.0/../../../../avr/lib/avr5\libm.a(fp_split3.o)
 .text          0x00000000000000da        0x0 c:/users/diego/workspace/avr-gcc-7.3.0/bin/../lib/gcc/avr/7.3.0/../../../../avr/lib/avr5\libm.a(fp_zero.o)
 .text          0x00000000000000da        0x0 c:/users/diego/workspace/avr-gcc-7.3.0/bin/../lib/gcc/avr/7.3.0/../../../../avr/lib/avr5\libm.a(gesf2.o)
 .text          0x00000000000000da        0x0 c:/users/diego/workspace/avr-gcc-7.3.0/bin/../lib/gcc/avr/7.3.0/../../../../avr/lib/avr5\libm.a(mulsf3.o)
 .text          0x00000000000000da        0x0 c:/users/diego/workspace/avr-gcc-7.3.0/bin/../lib/gcc/avr/7.3.0/../../../../avr/lib/avr5\libm.a(mulsf3x.o)
 .text          0x00000000000000da        0x0 c:/users/diego/workspace/avr-gcc-7.3.0/bin/../lib/gcc/avr/7.3.0/../../../../avr/lib/avr5\libc.a(itoa.o)
 .text          0x00000000000000da        0x0 c:/users/diego/workspace/avr-gcc-7.3.0/bin/../lib/gcc/avr/7.3.0/../../../../avr/lib/avr5\libc.a(itoa_ncheck.o)
 .text          0x00000000000000da        0x0 c:/users/diego/workspace/avr-gcc-7.3.0/bin/../lib/gcc/avr/7.3.0/../../../../avr/lib/avr5\libc.a(utoa_ncheck.o)
 .text          0x00000000000000da        0x0 c:/users/diego/workspace/avr-gcc-7.3.0/bin/../lib/gcc/avr/7.3.0/../../../../avr/lib/avr5\libc.a(strrev.o)
                0x00000000000000da                . = ALIGN (0x2)
 *(.text.*)
 .text.i2c_init
                0x00000000000000da       0x1a ./src/i2c/twimaster.o
                0x00000000000000da                i2c_init
 .text.i2c_start
                0x00000000000000f4       0x8a ./src/i2c/twimaster.o
                0x00000000000000f4                i2c_start
 .text.i2c_start1
                0x000000000000017e       0x8e ./src/i2c/twimaster.o
                0x000000000000017e                i2c_start1
 .text.i2c_start_wait
                0x000000000000020c       0xaa ./src/i2c/twimaster.o
                0x000000000000020c                i2c_start_wait
 .text.i2c_rep_start
                0x00000000000002b6       0x1a ./src/i2c/twimaster.o
                0x00000000000002b6                i2c_rep_start
 .text.i2c_stop
                0x00000000000002d0       0x30 ./src/i2c/twimaster.o
                0x00000000000002d0                i2c_stop
 .text.i2c_write
                0x0000000000000300       0x50 ./src/i2c/twimaster.o
                0x0000000000000300                i2c_write
 .text.i2c_readAck
                0x0000000000000350       0x2e ./src/i2c/twimaster.o
                0x0000000000000350                i2c_readAck
 .text.i2c_readNak
                0x000000000000037e       0x2e ./src/i2c/twimaster.o
                0x000000000000037e                i2c_readNak
 .text.lcd_init
                0x00000000000003ac      0x30c ./src/LCD/lcd.o
                0x00000000000003ac                lcd_init
 .text.lcd_write_command
                0x00000000000006b8       0x58 ./src/LCD/lcd.o
                0x00000000000006b8                lcd_write_command
 .text.lcd_putchar
                0x0000000000000710       0x58 ./src/LCD/lcd.o
                0x0000000000000710                lcd_putchar
 .text.lcd_putstring
                0x0000000000000768       0x5e ./src/LCD/lcd.o
                0x0000000000000768                lcd_putstring
 .text.lcd_goto_position
                0x00000000000007c6       0x72 ./src/LCD/lcd.o
                0x00000000000007c6                lcd_goto_position
 .text.lcd_nextline
                0x0000000000000838       0x16 ./src/LCD/lcd.o
                0x0000000000000838                lcd_nextline
 .text.readData
                0x000000000000084e      0x6f6 ./src/Main.o
                0x000000000000084e                readData
 .text.main     0x0000000000000f44      0x158 ./src/Main.o
                0x0000000000000f44                main
 .text.libgcc.mul
                0x000000000000109c        0x0 c:/users/diego/workspace/avr-gcc-7.3.0/bin/../lib/gcc/avr/7.3.0/avr5\libgcc.a(_exit.o)
 .text.libgcc.div
                0x000000000000109c        0x0 c:/users/diego/workspace/avr-gcc-7.3.0/bin/../lib/gcc/avr/7.3.0/avr5\libgcc.a(_exit.o)
 .text.libgcc   0x000000000000109c        0x0 c:/users/diego/workspace/avr-gcc-7.3.0/bin/../lib/gcc/avr/7.3.0/avr5\libgcc.a(_exit.o)
 .text.libgcc.prologue
                0x000000000000109c        0x0 c:/users/diego/workspace/avr-gcc-7.3.0/bin/../lib/gcc/avr/7.3.0/avr5\libgcc.a(_exit.o)
 .text.libgcc.builtins
                0x000000000000109c        0x0 c:/users/diego/workspace/avr-gcc-7.3.0/bin/../lib/gcc/avr/7.3.0/avr5\libgcc.a(_exit.o)
 .text.libgcc.fmul
                0x000000000000109c        0x0 c:/users/diego/workspace/avr-gcc-7.3.0/bin/../lib/gcc/avr/7.3.0/avr5\libgcc.a(_exit.o)
 .text.libgcc.fixed
                0x000000000000109c        0x0 c:/users/diego/workspace/avr-gcc-7.3.0/bin/../lib/gcc/avr/7.3.0/avr5\libgcc.a(_exit.o)
 .text.libgcc.mul
                0x000000000000109c        0x0 c:/users/diego/workspace/avr-gcc-7.3.0/bin/../lib/gcc/avr/7.3.0/avr5\libgcc.a(_copy_data.o)
 .text.libgcc.div
                0x000000000000109c        0x0 c:/users/diego/workspace/avr-gcc-7.3.0/bin/../lib/gcc/avr/7.3.0/avr5\libgcc.a(_copy_data.o)
 .text.libgcc   0x000000000000109c        0x0 c:/users/diego/workspace/avr-gcc-7.3.0/bin/../lib/gcc/avr/7.3.0/avr5\libgcc.a(_copy_data.o)
 .text.libgcc.prologue
                0x000000000000109c        0x0 c:/users/diego/workspace/avr-gcc-7.3.0/bin/../lib/gcc/avr/7.3.0/avr5\libgcc.a(_copy_data.o)
 .text.libgcc.builtins
                0x000000000000109c        0x0 c:/users/diego/workspace/avr-gcc-7.3.0/bin/../lib/gcc/avr/7.3.0/avr5\libgcc.a(_copy_data.o)
 .text.libgcc.fmul
                0x000000000000109c        0x0 c:/users/diego/workspace/avr-gcc-7.3.0/bin/../lib/gcc/avr/7.3.0/avr5\libgcc.a(_copy_data.o)
 .text.libgcc.fixed
                0x000000000000109c        0x0 c:/users/diego/workspace/avr-gcc-7.3.0/bin/../lib/gcc/avr/7.3.0/avr5\libgcc.a(_copy_data.o)
 .text.avr-libc.fplib
                0x000000000000109c        0xa c:/users/diego/workspace/avr-gcc-7.3.0/bin/../lib/gcc/avr/7.3.0/../../../../avr/lib/avr5\libm.a(cmpsf2.o)
                0x000000000000109c                __nesf2
                0x000000000000109c                __eqsf2
                0x000000000000109c                __cmpsf2
                0x000000000000109c                __ltsf2
                0x000000000000109c                __lesf2
 .text.avr-libc.fplib
                0x00000000000010a6        0x8 c:/users/diego/workspace/avr-gcc-7.3.0/bin/../lib/gcc/avr/7.3.0/../../../../avr/lib/avr5\libm.a(divsf3.o)
                0x00000000000010a6                __divsf3
 .text.avr-libc.fplib
                0x00000000000010ae       0xdc c:/users/diego/workspace/avr-gcc-7.3.0/bin/../lib/gcc/avr/7.3.0/../../../../avr/lib/avr5\libm.a(divsf3x.o)
                0x00000000000010ce                __divsf3x
                0x00000000000010d4                __divsf3_pse
 .text.avr-libc.fplib
                0x000000000000118a       0x5e c:/users/diego/workspace/avr-gcc-7.3.0/bin/../lib/gcc/avr/7.3.0/../../../../avr/lib/avr5\libm.a(fixunssfsi.o)
                0x000000000000118a                __fixunssfsi
 .text.avr-libc.fplib
                0x00000000000011e8       0x48 c:/users/diego/workspace/avr-gcc-7.3.0/bin/../lib/gcc/avr/7.3.0/../../../../avr/lib/avr5\libm.a(fp_cmp.o)
                0x00000000000011e8                __fp_cmp
 .text.avr-libc.fplib
                0x0000000000001230        0xc c:/users/diego/workspace/avr-gcc-7.3.0/bin/../lib/gcc/avr/7.3.0/../../../../avr/lib/avr5\libm.a(fp_inf.o)
                0x0000000000001230                __fp_inf
 .text.avr-libc.fplib
                0x000000000000123c        0x6 c:/users/diego/workspace/avr-gcc-7.3.0/bin/../lib/gcc/avr/7.3.0/../../../../avr/lib/avr5\libm.a(fp_nan.o)
                0x000000000000123c                __fp_nan
 .text.avr-libc.fplib
                0x0000000000001242        0xe c:/users/diego/workspace/avr-gcc-7.3.0/bin/../lib/gcc/avr/7.3.0/../../../../avr/lib/avr5\libm.a(fp_pscA.o)
                0x0000000000001242                __fp_pscA
 .text.avr-libc.fplib
                0x0000000000001250        0xe c:/users/diego/workspace/avr-gcc-7.3.0/bin/../lib/gcc/avr/7.3.0/../../../../avr/lib/avr5\libm.a(fp_pscB.o)
                0x0000000000001250                __fp_pscB
 .text.avr-libc.fplib
                0x000000000000125e       0x22 c:/users/diego/workspace/avr-gcc-7.3.0/bin/../lib/gcc/avr/7.3.0/../../../../avr/lib/avr5\libm.a(fp_round.o)
                0x000000000000125e                __fp_round
 .text.avr-libc.fplib
                0x0000000000001280       0x44 c:/users/diego/workspace/avr-gcc-7.3.0/bin/../lib/gcc/avr/7.3.0/../../../../avr/lib/avr5\libm.a(fp_split3.o)
                0x0000000000001280                __fp_split3
                0x0000000000001290                __fp_splitA
 .text.avr-libc.fplib
                0x00000000000012c4        0xe c:/users/diego/workspace/avr-gcc-7.3.0/bin/../lib/gcc/avr/7.3.0/../../../../avr/lib/avr5\libm.a(fp_zero.o)
                0x00000000000012c4                __fp_zero
                0x00000000000012c6                __fp_szero
 .text.avr-libc.fplib
                0x00000000000012d2        0xa c:/users/diego/workspace/avr-gcc-7.3.0/bin/../lib/gcc/avr/7.3.0/../../../../avr/lib/avr5\libm.a(gesf2.o)
                0x00000000000012d2                __gesf2
                0x00000000000012d2                __gtsf2
 .text.avr-libc.fplib
                0x00000000000012dc        0x8 c:/users/diego/workspace/avr-gcc-7.3.0/bin/../lib/gcc/avr/7.3.0/../../../../avr/lib/avr5\libm.a(mulsf3.o)
                0x00000000000012dc                __mulsf3
 .text.avr-libc.fplib
                0x00000000000012e4       0xd2 c:/users/diego/workspace/avr-gcc-7.3.0/bin/../lib/gcc/avr/7.3.0/../../../../avr/lib/avr5\libm.a(mulsf3x.o)
                0x0000000000001302                __mulsf3x
                0x0000000000001308                __mulsf3_pse
 .text.avr-libc
                0x00000000000013b6       0x16 c:/users/diego/workspace/avr-gcc-7.3.0/bin/../lib/gcc/avr/7.3.0/../../../../avr/lib/avr5\libc.a(itoa.o)
                0x00000000000013b6                __itoa
                0x00000000000013b6                itoa
 .text.avr-libc
                0x00000000000013cc       0x16 c:/users/diego/workspace/avr-gcc-7.3.0/bin/../lib/gcc/avr/7.3.0/../../../../avr/lib/avr5\libc.a(itoa_ncheck.o)
                0x00000000000013cc                __itoa_ncheck
 .text.avr-libc
                0x00000000000013e2       0x34 c:/users/diego/workspace/avr-gcc-7.3.0/bin/../lib/gcc/avr/7.3.0/../../../../avr/lib/avr5\libc.a(utoa_ncheck.o)
                0x00000000000013e2                __utoa_ncheck
                0x00000000000013e4                __utoa_common
 .text.avr-libc
                0x0000000000001416       0x20 c:/users/diego/workspace/avr-gcc-7.3.0/bin/../lib/gcc/avr/7.3.0/../../../../avr/lib/avr5\libc.a(strrev.o)
                0x0000000000001416                strrev
                0x0000000000001436                . = ALIGN (0x2)
 *(.fini9)
 .fini9         0x0000000000001436        0x0 c:/users/diego/workspace/avr-gcc-7.3.0/bin/../lib/gcc/avr/7.3.0/avr5\libgcc.a(_exit.o)
                0x0000000000001436                _exit
                0x0000000000001436                exit
 *(.fini9)
 *(.fini8)
 *(.fini8)
 *(.fini7)
 *(.fini7)
 *(.fini6)
 *(.fini6)
 *(.fini5)
 *(.fini5)
 *(.fini4)
 *(.fini4)
 *(.fini3)
 *(.fini3)
 *(.fini2)
 *(.fini2)
 *(.fini1)
 *(.fini1)
 *(.fini0)
 .fini0         0x0000000000001436        0x4 c:/users/diego/workspace/avr-gcc-7.3.0/bin/../lib/gcc/avr/7.3.0/avr5\libgcc.a(_exit.o)
 *(.fini0)
 *(.hightext)
 *(.hightext*)
 *(.progmemx.*)
                0x000000000000143a                . = ALIGN (0x2)
 *(.jumptables)
 *(.jumptables*)
                0x000000000000143a                _etext = .

.data           0x0000000000800100       0x24 load address 0x000000000000143a
                0x0000000000800100                PROVIDE (__data_start = .)
 *(.data)
 .data          0x0000000000800100        0x0 c:/users/diego/workspace/avr-gcc-7.3.0/bin/../lib/gcc/avr/7.3.0/../../../../avr/lib/avr5/crtatmega32u4.o
 .data          0x0000000000800100        0x0 ./src/i2c/twimaster.o
 .data          0x0000000000800100        0x0 ./src/LCD/lcd.o
 .data          0x0000000000800100        0x0 ./src/Main.o
 .data          0x0000000000800100        0x0 c:/users/diego/workspace/avr-gcc-7.3.0/bin/../lib/gcc/avr/7.3.0/avr5\libgcc.a(_exit.o)
 .data          0x0000000000800100        0x0 c:/users/diego/workspace/avr-gcc-7.3.0/bin/../lib/gcc/avr/7.3.0/avr5\libgcc.a(_copy_data.o)
 .data          0x0000000000800100        0x0 c:/users/diego/workspace/avr-gcc-7.3.0/bin/../lib/gcc/avr/7.3.0/../../../../avr/lib/avr5\libm.a(cmpsf2.o)
 .data          0x0000000000800100        0x0 c:/users/diego/workspace/avr-gcc-7.3.0/bin/../lib/gcc/avr/7.3.0/../../../../avr/lib/avr5\libm.a(divsf3.o)
 .data          0x0000000000800100        0x0 c:/users/diego/workspace/avr-gcc-7.3.0/bin/../lib/gcc/avr/7.3.0/../../../../avr/lib/avr5\libm.a(divsf3x.o)
 .data          0x0000000000800100        0x0 c:/users/diego/workspace/avr-gcc-7.3.0/bin/../lib/gcc/avr/7.3.0/../../../../avr/lib/avr5\libm.a(fixunssfsi.o)
 .data          0x0000000000800100        0x0 c:/users/diego/workspace/avr-gcc-7.3.0/bin/../lib/gcc/avr/7.3.0/../../../../avr/lib/avr5\libm.a(fp_cmp.o)
 .data          0x0000000000800100        0x0 c:/users/diego/workspace/avr-gcc-7.3.0/bin/../lib/gcc/avr/7.3.0/../../../../avr/lib/avr5\libm.a(fp_inf.o)
 .data          0x0000000000800100        0x0 c:/users/diego/workspace/avr-gcc-7.3.0/bin/../lib/gcc/avr/7.3.0/../../../../avr/lib/avr5\libm.a(fp_nan.o)
 .data          0x0000000000800100        0x0 c:/users/diego/workspace/avr-gcc-7.3.0/bin/../lib/gcc/avr/7.3.0/../../../../avr/lib/avr5\libm.a(fp_pscA.o)
 .data          0x0000000000800100        0x0 c:/users/diego/workspace/avr-gcc-7.3.0/bin/../lib/gcc/avr/7.3.0/../../../../avr/lib/avr5\libm.a(fp_pscB.o)
 .data          0x0000000000800100        0x0 c:/users/diego/workspace/avr-gcc-7.3.0/bin/../lib/gcc/avr/7.3.0/../../../../avr/lib/avr5\libm.a(fp_round.o)
 .data          0x0000000000800100        0x0 c:/users/diego/workspace/avr-gcc-7.3.0/bin/../lib/gcc/avr/7.3.0/../../../../avr/lib/avr5\libm.a(fp_split3.o)
 .data          0x0000000000800100        0x0 c:/users/diego/workspace/avr-gcc-7.3.0/bin/../lib/gcc/avr/7.3.0/../../../../avr/lib/avr5\libm.a(fp_zero.o)
 .data          0x0000000000800100        0x0 c:/users/diego/workspace/avr-gcc-7.3.0/bin/../lib/gcc/avr/7.3.0/../../../../avr/lib/avr5\libm.a(gesf2.o)
 .data          0x0000000000800100        0x0 c:/users/diego/workspace/avr-gcc-7.3.0/bin/../lib/gcc/avr/7.3.0/../../../../avr/lib/avr5\libm.a(mulsf3.o)
 .data          0x0000000000800100        0x0 c:/users/diego/workspace/avr-gcc-7.3.0/bin/../lib/gcc/avr/7.3.0/../../../../avr/lib/avr5\libm.a(mulsf3x.o)
 .data          0x0000000000800100        0x0 c:/users/diego/workspace/avr-gcc-7.3.0/bin/../lib/gcc/avr/7.3.0/../../../../avr/lib/avr5\libc.a(itoa.o)
 .data          0x0000000000800100        0x0 c:/users/diego/workspace/avr-gcc-7.3.0/bin/../lib/gcc/avr/7.3.0/../../../../avr/lib/avr5\libc.a(itoa_ncheck.o)
 .data          0x0000000000800100        0x0 c:/users/diego/workspace/avr-gcc-7.3.0/bin/../lib/gcc/avr/7.3.0/../../../../avr/lib/avr5\libc.a(utoa_ncheck.o)
 .data          0x0000000000800100        0x0 c:/users/diego/workspace/avr-gcc-7.3.0/bin/../lib/gcc/avr/7.3.0/../../../../avr/lib/avr5\libc.a(strrev.o)
 *(.data*)
 *(.gnu.linkonce.d*)
 *(.rodata)
 .rodata        0x0000000000800100       0x23 ./src/Main.o
 *(.rodata*)
 *(.gnu.linkonce.r*)
                0x0000000000800124                . = ALIGN (0x2)
 *fill*         0x0000000000800123        0x1 
                0x0000000000800124                _edata = .
                0x0000000000800124                PROVIDE (__data_end = .)

.bss            0x0000000000800124        0x0
                [!provide]                        PROVIDE (__bss_start = .)
 *(.bss)
 .bss           0x0000000000800124        0x0 c:/users/diego/workspace/avr-gcc-7.3.0/bin/../lib/gcc/avr/7.3.0/../../../../avr/lib/avr5/crtatmega32u4.o
 .bss           0x0000000000800124        0x0 ./src/i2c/twimaster.o
 .bss           0x0000000000800124        0x0 ./src/LCD/lcd.o
 .bss           0x0000000000800124        0x0 ./src/Main.o
 .bss           0x0000000000800124        0x0 c:/users/diego/workspace/avr-gcc-7.3.0/bin/../lib/gcc/avr/7.3.0/avr5\libgcc.a(_exit.o)
 .bss           0x0000000000800124        0x0 c:/users/diego/workspace/avr-gcc-7.3.0/bin/../lib/gcc/avr/7.3.0/avr5\libgcc.a(_copy_data.o)
 .bss           0x0000000000800124        0x0 c:/users/diego/workspace/avr-gcc-7.3.0/bin/../lib/gcc/avr/7.3.0/../../../../avr/lib/avr5\libm.a(cmpsf2.o)
 .bss           0x0000000000800124        0x0 c:/users/diego/workspace/avr-gcc-7.3.0/bin/../lib/gcc/avr/7.3.0/../../../../avr/lib/avr5\libm.a(divsf3.o)
 .bss           0x0000000000800124        0x0 c:/users/diego/workspace/avr-gcc-7.3.0/bin/../lib/gcc/avr/7.3.0/../../../../avr/lib/avr5\libm.a(divsf3x.o)
 .bss           0x0000000000800124        0x0 c:/users/diego/workspace/avr-gcc-7.3.0/bin/../lib/gcc/avr/7.3.0/../../../../avr/lib/avr5\libm.a(fixunssfsi.o)
 .bss           0x0000000000800124        0x0 c:/users/diego/workspace/avr-gcc-7.3.0/bin/../lib/gcc/avr/7.3.0/../../../../avr/lib/avr5\libm.a(fp_cmp.o)
 .bss           0x0000000000800124        0x0 c:/users/diego/workspace/avr-gcc-7.3.0/bin/../lib/gcc/avr/7.3.0/../../../../avr/lib/avr5\libm.a(fp_inf.o)
 .bss           0x0000000000800124        0x0 c:/users/diego/workspace/avr-gcc-7.3.0/bin/../lib/gcc/avr/7.3.0/../../../../avr/lib/avr5\libm.a(fp_nan.o)
 .bss           0x0000000000800124        0x0 c:/users/diego/workspace/avr-gcc-7.3.0/bin/../lib/gcc/avr/7.3.0/../../../../avr/lib/avr5\libm.a(fp_pscA.o)
 .bss           0x0000000000800124        0x0 c:/users/diego/workspace/avr-gcc-7.3.0/bin/../lib/gcc/avr/7.3.0/../../../../avr/lib/avr5\libm.a(fp_pscB.o)
 .bss           0x0000000000800124        0x0 c:/users/diego/workspace/avr-gcc-7.3.0/bin/../lib/gcc/avr/7.3.0/../../../../avr/lib/avr5\libm.a(fp_round.o)
 .bss           0x0000000000800124        0x0 c:/users/diego/workspace/avr-gcc-7.3.0/bin/../lib/gcc/avr/7.3.0/../../../../avr/lib/avr5\libm.a(fp_split3.o)
 .bss           0x0000000000800124        0x0 c:/users/diego/workspace/avr-gcc-7.3.0/bin/../lib/gcc/avr/7.3.0/../../../../avr/lib/avr5\libm.a(fp_zero.o)
 .bss           0x0000000000800124        0x0 c:/users/diego/workspace/avr-gcc-7.3.0/bin/../lib/gcc/avr/7.3.0/../../../../avr/lib/avr5\libm.a(gesf2.o)
 .bss           0x0000000000800124        0x0 c:/users/diego/workspace/avr-gcc-7.3.0/bin/../lib/gcc/avr/7.3.0/../../../../avr/lib/avr5\libm.a(mulsf3.o)
 .bss           0x0000000000800124        0x0 c:/users/diego/workspace/avr-gcc-7.3.0/bin/../lib/gcc/avr/7.3.0/../../../../avr/lib/avr5\libm.a(mulsf3x.o)
 .bss           0x0000000000800124        0x0 c:/users/diego/workspace/avr-gcc-7.3.0/bin/../lib/gcc/avr/7.3.0/../../../../avr/lib/avr5\libc.a(itoa.o)
 .bss           0x0000000000800124        0x0 c:/users/diego/workspace/avr-gcc-7.3.0/bin/../lib/gcc/avr/7.3.0/../../../../avr/lib/avr5\libc.a(itoa_ncheck.o)
 .bss           0x0000000000800124        0x0 c:/users/diego/workspace/avr-gcc-7.3.0/bin/../lib/gcc/avr/7.3.0/../../../../avr/lib/avr5\libc.a(utoa_ncheck.o)
 .bss           0x0000000000800124        0x0 c:/users/diego/workspace/avr-gcc-7.3.0/bin/../lib/gcc/avr/7.3.0/../../../../avr/lib/avr5\libc.a(strrev.o)
 *(.bss*)
 *(COMMON)
                [!provide]                        PROVIDE (__bss_end = .)
                0x000000000000143a                __data_load_start = LOADADDR (.data)
                0x000000000000145e                __data_load_end = (__data_load_start + SIZEOF (.data))

.noinit         0x0000000000800124        0x0
                [!provide]                        PROVIDE (__noinit_start = .)
 *(.noinit*)
                [!provide]                        PROVIDE (__noinit_end = .)
                0x0000000000800124                _end = .
                [!provide]                        PROVIDE (__heap_start = .)

.eeprom         0x0000000000810000        0x0
 *(.eeprom*)
                0x0000000000810000                __eeprom_end = .

.fuse
 *(.fuse)
 *(.lfuse)
 *(.hfuse)
 *(.efuse)

.lock
 *(.lock*)

.signature
 *(.signature*)

.stab           0x0000000000000000     0x1d04
 *(.stab)
 .stab          0x0000000000000000      0xa14 ./src/i2c/twimaster.o
 .stab          0x0000000000000a14      0x8e8 ./src/LCD/lcd.o
                                        0xaa4 (size before relaxing)
 .stab          0x00000000000012fc      0xa08 ./src/Main.o
                                        0xbd0 (size before relaxing)

.stabstr        0x0000000000000000     0x1162
 *(.stabstr)
 .stabstr       0x0000000000000000     0x1162 ./src/i2c/twimaster.o

.stab.excl
 *(.stab.excl)

.stab.exclstr
 *(.stab.exclstr)

.stab.index
 *(.stab.index)

.stab.indexstr
 *(.stab.indexstr)

.comment        0x0000000000000000       0x11
 *(.comment)
 .comment       0x0000000000000000       0x11 ./src/i2c/twimaster.o
                                         0x12 (size before relaxing)
 .comment       0x0000000000000011       0x12 ./src/LCD/lcd.o
 .comment       0x0000000000000011       0x12 ./src/Main.o

.note.gnu.avr.deviceinfo
                0x0000000000000000       0x40
 .note.gnu.avr.deviceinfo
                0x0000000000000000       0x40 c:/users/diego/workspace/avr-gcc-7.3.0/bin/../lib/gcc/avr/7.3.0/../../../../avr/lib/avr5/crtatmega32u4.o

.note.gnu.build-id
 *(.note.gnu.build-id)

.debug
 *(.debug)

.line
 *(.line)

.debug_srcinfo
 *(.debug_srcinfo)

.debug_sfnames
 *(.debug_sfnames)

.debug_aranges  0x0000000000000000       0x40
 *(.debug_aranges)
 .debug_aranges
                0x0000000000000000       0x20 c:/users/diego/workspace/avr-gcc-7.3.0/bin/../lib/gcc/avr/7.3.0/avr5\libgcc.a(_exit.o)
 .debug_aranges
                0x0000000000000020       0x20 c:/users/diego/workspace/avr-gcc-7.3.0/bin/../lib/gcc/avr/7.3.0/avr5\libgcc.a(_copy_data.o)

.debug_pubnames
 *(.debug_pubnames)

.debug_info     0x0000000000000000      0xa40
 *(.debug_info .gnu.linkonce.wi.*)
 .debug_info    0x0000000000000000      0x9f4 c:/users/diego/workspace/avr-gcc-7.3.0/bin/../lib/gcc/avr/7.3.0/../../../../avr/lib/avr5/crtatmega32u4.o
 .debug_info    0x00000000000009f4       0x26 c:/users/diego/workspace/avr-gcc-7.3.0/bin/../lib/gcc/avr/7.3.0/avr5\libgcc.a(_exit.o)
 .debug_info    0x0000000000000a1a       0x26 c:/users/diego/workspace/avr-gcc-7.3.0/bin/../lib/gcc/avr/7.3.0/avr5\libgcc.a(_copy_data.o)

.debug_abbrev   0x0000000000000000      0x992
 *(.debug_abbrev)
 .debug_abbrev  0x0000000000000000      0x96a c:/users/diego/workspace/avr-gcc-7.3.0/bin/../lib/gcc/avr/7.3.0/../../../../avr/lib/avr5/crtatmega32u4.o
 .debug_abbrev  0x000000000000096a       0x14 c:/users/diego/workspace/avr-gcc-7.3.0/bin/../lib/gcc/avr/7.3.0/avr5\libgcc.a(_exit.o)
 .debug_abbrev  0x000000000000097e       0x14 c:/users/diego/workspace/avr-gcc-7.3.0/bin/../lib/gcc/avr/7.3.0/avr5\libgcc.a(_copy_data.o)

.debug_line     0x0000000000000000      0x115
 *(.debug_line .debug_line.* .debug_line_end)
 .debug_line    0x0000000000000000       0x1d c:/users/diego/workspace/avr-gcc-7.3.0/bin/../lib/gcc/avr/7.3.0/../../../../avr/lib/avr5/crtatmega32u4.o
 .debug_line    0x000000000000001d       0x61 c:/users/diego/workspace/avr-gcc-7.3.0/bin/../lib/gcc/avr/7.3.0/avr5\libgcc.a(_exit.o)
 .debug_line    0x000000000000007e       0x97 c:/users/diego/workspace/avr-gcc-7.3.0/bin/../lib/gcc/avr/7.3.0/avr5\libgcc.a(_copy_data.o)

.debug_frame
 *(.debug_frame)

.debug_str      0x0000000000000000      0x3cf
 *(.debug_str)
 .debug_str     0x0000000000000000      0x371 c:/users/diego/workspace/avr-gcc-7.3.0/bin/../lib/gcc/avr/7.3.0/../../../../avr/lib/avr5/crtatmega32u4.o
 .debug_str     0x0000000000000371       0x5e c:/users/diego/workspace/avr-gcc-7.3.0/bin/../lib/gcc/avr/7.3.0/avr5\libgcc.a(_exit.o)
 .debug_str     0x00000000000003cf       0x5e c:/users/diego/workspace/avr-gcc-7.3.0/bin/../lib/gcc/avr/7.3.0/avr5\libgcc.a(_copy_data.o)

.debug_loc
 *(.debug_loc)

.debug_macinfo
 *(.debug_macinfo)

.debug_weaknames
 *(.debug_weaknames)

.debug_funcnames
 *(.debug_funcnames)

.debug_typenames
 *(.debug_typenames)

.debug_varnames
 *(.debug_varnames)

.debug_pubtypes
 *(.debug_pubtypes)

.debug_ranges
 *(.debug_ranges)

.debug_macro
 *(.debug_macro)

.debug_addr
 *(.debug_addr)
OUTPUT(test2.elf elf32-avr)
LOAD linker stubs
